[wisk.aero/index.html]
[backblue.gif]
[fade.gif]
[index.html]
[framerusercontent.com/images/FBsfEGLzLtaz5k2Fpz57w2K7FvI.png]
[framerusercontent.com/images/5KBWm5Np5yQbZkNHRSYSF6amWR8.jpg]
[t.contentsquare.net/uxa/cea9155eda896.js]
[snap.licdn.com/li.lms-analytics/insight.min.js]
[framerusercontent.com/images/3KdIAhiiqsQ5Lq1QoTrZCEK9sTQba34.png]
[wisk.aero/aircraft.html]
[wisk.aero/autonomy.html]
[wisk.aero/communities.html]
[wisk.aero/careers.html]
[framerusercontent.com/images/QaDdMWSgtQ1CZXbkXXZDjiKAxZ405e3.png]
[framerusercontent.com/images/lJAjLr7JNAuKt40pYhOFolU3ME87cb.png]
[framerusercontent.com/images/Ys7XsCY0VanlrCNLjuHhfrD4Po2952.jpg]
[framerusercontent.com/images/ySF47ahWoc7aewuBci84pqaqvo356e.jpg]
[framerusercontent.com/images/seE3ehh0jScKdiRGId15DwB7FAAddf8.png]
[framerusercontent.com/images/DE4bUUCfcEZUNQKxIwHFgq6ZWro31a3.png]
[framerusercontent.com/images/vKpXSzOaEwTfjC39OtFG7XZ0jlQ8a77.jpg]
[framerusercontent.com/images/mpSi3PJYV6AmMdNIvHrVlnK3Ig12b7.png]
[framerusercontent.com/images/es5Wa1svBfYLxairxgSo01pN4Kk30c2.png]
[framerusercontent.com/images/34jnHHOH3hJiGPz37jB9qm2JHMdda8.png]
[framerusercontent.com/images/CH2ijLL9cExTn5ugFqIbBHLEvTUdda8.png]
[framerusercontent.com/images/6AeGq5P8SQqV0zq85p7TwWTu7CMdda8.png]
[framerusercontent.com/images/uXNEYjURtRoacI8BO7GxWTCGAdda8.png]
[framerusercontent.com/images/BQFBafC1XHcMLdwYp8l0Ongaclkdda8.png]
[wisk.aero/generations.html]
[framerusercontent.com/images/HQgGGE858EYLyBVKSBNb7jBHMQA6eaa.jpg]
[framerusercontent.com/images/UlP9BKqF1iV5QtzJEEy5dm83g05f24.jpg]
[framerusercontent.com/images/CADmPnYlPk1YlHpXUsU5vaAVWMfb14.png]
[wisk.aero/communitiesba91.html]
[framerusercontent.com/images/aGH2q6CmjMonJwXlC6mE26Nwq0bd29.png]
[wisk.aero/communities7606.html]
[framerusercontent.com/images/oluyG2Rovkueb22uED1rZtEpsI322c.png]
[wisk.aero/internships.html]
[wisk.aero/newsroom/second-gen6-aircraft.html]
[framerusercontent.com/images/XrG7xI75IuUmxhSujdV7XdMiP4cd01.jpg]
[framerusercontent.com/images/m2TcQbKIRJ8Dlp6s6LX9IXIDMo88ac.jpg]
[wisk.aero/newsroom/wisk-and-texas-selected-by-white-house-to-lead-the-safe-introduction-of-autonomous-air-taxi-flight.html]
[wisk.aero/newsroom/laying-the-groundwork-for-autonomous-flight.html]
[framerusercontent.com/images/FpQkRzdhv9HOUrwALvnfepm4XE8d27.png]
[wisk.aero/newsroom.html]
[wisk.aero/about.html]
[wisk.aero/contact.html]
[wisk.aero/legal/privacy-policy.html]
[wisk.aero/legal/terms-of-use.html]
[wisk.aero/legal/cookie-policy.html]
[framerusercontent.com/images/yJX5u9N1mVaLkMww80HiHc82fE4f5a.png]
[framerusercontent.com/images/IBT56sTUVlhhyLhEQ3loKmtk8As277f.png]
[unpkg.com/lenis@1.3.19/dist/lenis.css]
[framerusercontent.com/images/XrG7xI75IuUmxhSujdV7XdMiP4596f.jpg]
[framerusercontent.com/images/m2TcQbKIRJ8Dlp6s6LX9IXIDMo8bf4.jpg]
[framerusercontent.com/images/FpQkRzdhv9HOUrwALvnfepm4XEc13e.png]
[wisk.aero/index.html]
[framerusercontent.com/images/tLPbFFrkgSefY5T0m6PpSCRWXMccea.png]
[framerusercontent.com/images/qhmxZGaInld2fKJar2LtyRoOL8acf0.png]
[framerusercontent.com/images/k5ALBhWvEF1VcC6d7t2NnUzxBQ9aca.png]
[framerusercontent.com/images/5bHBTnQh1oTcXRKq6oO40kZMc1g2309.gif]
[framerusercontent.com/images/kZrkZBDQ51Bl4esp5aPkwSMZA259d.jpg]
[framerusercontent.com/images/ZttxY0appmEc6DF3ohUP6RiXS2wd410.jpg]
[framerusercontent.com/images/LfvMiY6yKjfMgBJfermdVR9g97d1.jpg]
[framerusercontent.com/images/3v20KJ32SC2tkFQ83MFUrdJa0f4502d.jpg]
[framerusercontent.com/images/XJva4xVXZMoEMUHOz9QbaIQpURI49da.jpg]
[framerusercontent.com/images/Xl00sr8gFqCpPvd7Hsvf8cJw3ZAcd01.png]
[wisk.aero/aircraft.html]
[framerusercontent.com/images/ovp8iQUz2hCakWZiCyEjyOswFca7e5.png]
[framerusercontent.com/images/W77RjaloTJ95XvWVLReielzeQId0e2.png]
[framerusercontent.com/images/cbaBLc4bbJJKd62uYdLSAfQJDs81b8.png]
[framerusercontent.com/images/Q4H3mm6qIPrmXleBb1jTJ2jcJMs81b8.png]
[framerusercontent.com/images/m4MxknEV4VKNhru4Bg03kCG0gNU16f0.jpg]
[framerusercontent.com/images/RFuftP79EPSQPhGzx1EPzdlLphg90a4.jpg]
[framerusercontent.com/images/46l8zOMoYwbPbbV6lbQbU1PIAb66b.jpg]
[framerusercontent.com/images/z7KSWoyf2OTYjgE5TmZXzabAgfYcced.png]
[framerusercontent.com/images/5g1X01QQ1vkhKrDp1rYJTofLPwbc79.png]
[framerusercontent.com/images/j5nAM9QhcFJ6wDP3ZY3CxRdKysM88ac.jpg]
[framerusercontent.com/images/J5aNmHXiDugmuFCGQjHka1vPHrQ88ac.jpg]
[framerusercontent.com/images/ffFWurdAHBM9HIE8GSGo13dvysE5945.png]
[framerusercontent.com/images/6JdhdPWUo33ZpapLaun3cm3jZlsd0a2.png]
[framerusercontent.com/images/jYAgbQ0gMDBl2iBr13KFexNn6QQ4a76.png]
[wisk.aero/autonomy.html]
[framerusercontent.com/images/rzBDu4akvwhOCE2teOz1FfXOA88ac.png]
[framerusercontent.com/images/joEYs6URFY4Yly4LzOkvyKo2gEab8e.jpg]
[framerusercontent.com/images/fyOTMd9pWMWbMkzmI2PXGCfj2zUab8e.jpg]
[framerusercontent.com/images/JhESbuws01y2tuqTu8v9FzSQhF8ab8e.jpg]
[framerusercontent.com/images/nPS3JsQZW55xLWOBtjhvnlqB8caabf.png]
[framerusercontent.com/images/7O4HejWXsGJVdBzufmdQmJb0Dwf76c.png]
[framerusercontent.com/images/DTwBrRfjb2PGELFWExToi4gF9Ns900f.png]
[framerusercontent.com/images/HkKgPNV5PiqlTPORSe0naZJlvPgf76c.png]
[framerusercontent.com/images/6MVtMRmmVVeTENOeS7LuCdgaZpYabc4.png]
[framerusercontent.com/images/uoV1t9c30lNawzp5AhsSVRzowcgf76c.png]
[framerusercontent.com/images/eZO5Mp4nKTE8ZaVN2gx87STXNlcd370.png]
[framerusercontent.com/images/eZO5Mp4nKTE8ZaVN2gx87STXNlcf76c.png]
[framerusercontent.com/images/Cn70b4pXRcvUWU7SX4tmNNcPDAceb5.png]
[framerusercontent.com/images/Lxby3yaL1hunHvUtvW4fYst2If76c.png]
[framerusercontent.com/images/doAbv6jsesF0SnqA6cTpLeLaEaf69.png]
[framerusercontent.com/images/wlA9iXOzPOLDpEccyUOvJJJaxfQ12f3.jpg]
[framerusercontent.com/images/b6SE3BLbLUX2FWpbGs5wot4eSH8e2cc.png]
[framerusercontent.com/images/tflSz9LcFO9pN0JX0dkvw6Wg88adb0.jpg]
[framerusercontent.com/images/ObiKkOirD6aG5KlBneEA38syuZke044.png]
[framerusercontent.com/images/iPlgLavTAT5nTHTBFmFznIXHs88ac.jpg]
[wisk.aero/communities.html]
[framerusercontent.com/images/T5xe9D72lqtbI8e0H0OwSsdRv7sdfff.jpg]
[framerusercontent.com/images/dQ3SvYFFRS6EEKLot7tCUgOzKss05ff.jpg]
[framerusercontent.com/images/rOlcOUs4sXVxzeS7HhDWqrq8m2ge37e.jpg]
[framerusercontent.com/images/EuTztk3wYF8qa77OACIedrWD1Wc42da.jpg]
[framerusercontent.com/images/P3PtZGUDCqrogmdts1JoKTahI9d21.jpg]
[framerusercontent.com/images/MYEZQiR9mixbfGn4WTpdB3iwcM42da.jpg]
[framerusercontent.com/images/4MbhIdEGsk4siRc11nqvqhU2sQaeae.jpg]
[framerusercontent.com/images/3RftkmjuAlNubsPBpAnv8yC8524c.png]
[framerusercontent.com/images/doSETHkUqKlbaab0hPRRJNWHs4774.jpg]
[framerusercontent.com/images/StBJnZFQyAS45vXVwOgPuytIVY9933.jpg]
[framerusercontent.com/images/B9aUmfnSJ3edqDYgTorXSS6ixkcce1.jpg]
[framerusercontent.com/images/qfTnJ4IPVsiImHHO2BTbCsgz7g2c58.jpg]
[framerusercontent.com/images/g3lBQGVtiaf0Np3AuvIHsXTvmfAd6a3.jpg]
[framerusercontent.com/images/ZkRzBaPKZFE94VfUjHOmuoPTYD4b077.jpg]
[framerusercontent.com/images/ip9vxebB88WUplWKBRV7zfDxJ82c58.jpg]
[framerusercontent.com/images/xABZM83dV6CwSRnVJs7aJEFuTDw3f11.png]
[framerusercontent.com/images/AJMkxSTLxJCiP4IfLUPS3FyIUs56b9.png]
[framerusercontent.com/images/yNtLlfLBPPxuhbMrkEh7Dj46SMo5b2c.png]
[framerusercontent.com/images/GK2T1osTZtDzEtXdz6J57DWm48da78.png]
[framerusercontent.com/images/1xhBHsGV1jGIeasKJGdq0ytBfAba8a.png]
[framerusercontent.com/images/aBp7DseeZ3cKT8SwKgr12aX9Ucd01.png]
[framerusercontent.com/images/4OQ8d5MYI2dew3hEbb4rMo188ef93.png]
[framerusercontent.com/images/BoieQX0XvQ5GaP8dkI0bYgR4jsb688.png]
[framerusercontent.com/images/fVjvyTTdyu388iOhi8f5gtddIbYc8b8.png]
[framerusercontent.com/images/0ZZN4Wb62dZKbbqSn3XxnE7fmjMf3f6.png]
[framerusercontent.com/images/TKZCYPNYgGuzjDHfDE1XMI0Njk3286.png]
[framerusercontent.com/images/EZHhsOrzSLT1axAVWTsKjdveOgcd01.png]
[framerusercontent.com/images/u4OZUiTWeZ9ceofynD1C79RGkb688.png]
[framerusercontent.com/images/j5p6bVnJsu9LVCQJSrRWAth7lMf14b.png]
[framerusercontent.com/images/hqwvhjMxxpliUuFYW2XwAeSLgI01ea.png]
[wisk.aero/careers.html]
[framerusercontent.com/images/kZrkZBDQ51Bl4esp5aPkwSMZA1468.jpg]
[framerusercontent.com/images/PQ266pvMnczJJUySpV9G9hYpA0379b.png]
[framerusercontent.com/images/gMWSKILepAIYj04almN81JyPascb70.png]
[framerusercontent.com/images/v7oTYqd0rvWV8JX8v7MQNuEhij82920.jpg]
[wisk.aero/generations.html]
[wisk.aero/communitiesba91.html]
[wisk.aero/communities7606.html]
[framerusercontent.com/images/fcLC97caoLF1mTB1aAZOxI19b8.jpg]
[framerusercontent.com/images/qY0Rz54CNAspsO11sB21pfUY3Mw71e0.png]
[framerusercontent.com/images/6RrybKYNP7KZG9SZGOhYyhcPgvQ5dfe.png]
[framerusercontent.com/images/V34DU8mdtFekTxAjibyLfRzfLGk41bb.png]
[framerusercontent.com/images/qtD0bSYfilucOh0iQ09Ttc392c.png]
[framerusercontent.com/images/oor4B2uMedzeZ47GTnwnn5oTQ392c.png]
[framerusercontent.com/images/u5LpqtZkAvO3S1pHAVgr1DIYZnY392c.png]
[framerusercontent.com/images/fDkEm7Qsn0liWzqw2gfPynfI4Q165d.png]
[wisk.aero/internships.html]
[wisk.aero/newsroom/second-gen6-aircraft.html]
[wisk.aero/newsroom/wisk-and-texas-selected-by-white-house-to-lead-the-safe-introduction-of-autonomous-air-taxi-flight.html]
[wisk.aero/newsroom/laying-the-groundwork-for-autonomous-flight.html]
[wisk.aero/newsroom/wisk-completes-first-flight-of-generation-6-autonomous-evtol.html]
[wisk.aero/newsroom/wisk-announces-strategic-support-for-u.s.89.delayed]
[framerusercontent.com/images/IXdfonycA8M6tM5wZjRcBiEU90a689.jpg]
[wisk.aero/newsroom/employee-spotlight-getting-to-know-manju-nag.html]
[framerusercontent.com/images/DWgqpZjN6uXBEiuWy1qaAd0P7fc8d27.jpg]
[wisk.aero/newsroom/a-conversation-with-max-duke-manager-of-flight-test-engineering.html]
[framerusercontent.com/images/XVSEB0C8wsLSGZdK2kC1Yl7j84cd01.png]
[wisk.aero/newsroom/meet-two-women-leaders-at-wisk-olivia-brino-and-sophia-huq.html]
[framerusercontent.com/images/L27cag6DzpJ72wfFhA5oLZeNChwfeec.png]
[framerusercontent.com/images/pHBpL91eI6yzQUznNGtE5QKCp86875.jpg]
[framerusercontent.com/images/yLyMQ14ZyA06hcCFSXBxs2PEqskcf01.jpg]
[framerusercontent.com/images/qhYxbPP7BTK3QP1PmxzN8HBcbAcf01.jpg]
[framerusercontent.com/images/AB5M25CQzUwZw0hKMHjAGYgXtnQ88ac.png]
[framerusercontent.com/images/t0yMrXyFgq05GWB6fwFt4AR3w88ac.png]
[framerusercontent.com/images/ctSCbgw2fJZzlOgnwy0j0b19gI2952.jpg]
[framerusercontent.com/images/DRXlQFJIlXoUI8QcZbHTM5fFFe044eb.png]
[framerusercontent.com/images/pHBpL91eI6yzQUznNGtE5QKCp8105f.jpg]
[framerusercontent.com/images/yLyMQ14ZyA06hcCFSXBxs2PEqskffbd.jpg]
[framerusercontent.com/images/qhYxbPP7BTK3QP1PmxzN8HBcbAae57.jpg]
[framerusercontent.com/images/DRXlQFJIlXoUI8QcZbHTM5fFFe04420.png]
[framerusercontent.com/images/AB5M25CQzUwZw0hKMHjAGYgXtnQfbfc.png]
[framerusercontent.com/images/t0yMrXyFgq05GWB6fwFt4AR3wf998.png]
[framerusercontent.com/images/ctSCbgw2fJZzlOgnwy0j0b19gI39f7.jpg]
[framerusercontent.com/images/IXdfonycA8M6tM5wZjRcBiEU909be7.jpg]
[framerusercontent.com/images/DWgqpZjN6uXBEiuWy1qaAd0P7fc2224.jpg]
[framerusercontent.com/images/XVSEB0C8wsLSGZdK2kC1Yl7j84d7f9.png]
[framerusercontent.com/images/L27cag6DzpJ72wfFhA5oLZeNChwf397.png]
[wisk.aero/newsroom.html]
[framerusercontent.com/images/CkjqtM2FIk0M86dTeNTTn6Tjqic01ea.png]
[framerusercontent.com/images/UtUlJNob1JBYXTswqCllsNfvqIaec6.png]
[framerusercontent.com/images/kWOeiyiibBcNcqveTnEafx1h8A20b1.jpg]
[framerusercontent.com/images/I0RFZuJolIyLNONsG6IPIps0f99.png]
[framerusercontent.com/images/IOjRIkAzNUPlWyl5Z4SqZfmAsu4f951.png]
[framerusercontent.com/images/5bVu3nHloYTAbrfW4jnOrYuME5d35.png]
[framerusercontent.com/images/zgZxrS9dmpj7KohEHYlnhJsgYb66b.png]
[framerusercontent.com/images/H0EwadzXwswOzL8W79qyUyOjIJc5d35.png]
[framerusercontent.com/images/PRoHdW83R8Lik7mamOq5fKrIyc2fb6.png]
[framerusercontent.com/images/v5pQlzJThAbbpjPwAC28wuuqv0f140.png]
[framerusercontent.com/images/tbFD0iX92evKHuD4gIIZdv1Nmecf140.png]
[framerusercontent.com/images/CXnhalcrOM58bgzr37OuNjKkB8f140.png]
[framerusercontent.com/images/Sts5tRZFG4xzafYZrjVeHBzmYQ2fb6.png]
[framerusercontent.com/images/nHPha7qhbThxVDqSA6dVDH3eeof140.png]
[framerusercontent.com/images/KIPAGtYEcdDl8I8WPEL4f3dToacf0.png]
[framerusercontent.com/images/3i0dGtZmp9VP0eBa6EBqgQdOhIoacf0.png]
[framerusercontent.com/images/PioiFIX6zuuse476CZ7v69XF5w2fb6.png]
[framerusercontent.com/images/hlE75nUQ6qGrD6hs5X7rcw4aZQk2fb6.png]
[framerusercontent.com/images/foIq0STsT0O2csxqmBtVlsaopaAf140.png]
[framerusercontent.com/images/zvf3bfsppZsYwHkpQX7dGlMF2k2fb6.png]
[framerusercontent.com/images/JknnalETNqoRUjHJn9agdwDUCU2fb6.png]
[framerusercontent.com/images/PRoHdW83R8Lik7mamOq5fKrIyc42fb.png]
[framerusercontent.com/images/v5pQlzJThAbbpjPwAC28wuuqv05877.png]
[framerusercontent.com/images/tbFD0iX92evKHuD4gIIZdv1Nmece1c9.png]
[framerusercontent.com/images/CXnhalcrOM58bgzr37OuNjKkB820bf.png]
[framerusercontent.com/images/Sts5tRZFG4xzafYZrjVeHBzmYQfe10.png]
[framerusercontent.com/images/nHPha7qhbThxVDqSA6dVDH3eeo9398.png]
[framerusercontent.com/images/KIPAGtYEcdDl8I8WPEL4f3dToafa2.png]
[framerusercontent.com/images/3i0dGtZmp9VP0eBa6EBqgQdOhIo7a1f.png]
[framerusercontent.com/images/PioiFIX6zuuse476CZ7v69XF5w0666.png]
[framerusercontent.com/images/hlE75nUQ6qGrD6hs5X7rcw4aZQk2791.png]
[framerusercontent.com/images/foIq0STsT0O2csxqmBtVlsaopaA943e.png]
[framerusercontent.com/images/zvf3bfsppZsYwHkpQX7dGlMF2k3c84.png]
[framerusercontent.com/images/JknnalETNqoRUjHJn9agdwDUCU2b62.png]
[wisk.aero/about.html]
[wisk.aero/contact.html]
[wisk.aero/legal/privacy-policy.html]
[wisk.aero/legal/terms-of-use.html]
[wisk.aero/legal/cookie-policy.html]
[unpkg.com/lenis@1.3.19/dist/lenis.css]
[framerusercontent.com/images/ZPNsWBZgDZkc8miRo432osjYswcd01.jpg]
[framerusercontent.com/images/ZPNsWBZgDZkc8miRo432osjYsw1ce0.jpg]
[wisk.aero/newsroom/wisk-completes-first-flight-of-generation-6-autonomous-evtol.html]
[wisk.aero/newsroom/wisk-announces-strategic-support-for-u.s.html]
[framerusercontent.com/images/Qe1aMYym5BOolAmV6uS1X65xFbs.jpg]
[framerusercontent.com/images/PknWYq6zODY85tX2dMcTBz7XcE.jpg]
[framerusercontent.com/images/Qe1aMYym5BOolAmV6uS1X65xFbs39a9.jpg]
[framerusercontent.com/images/PknWYq6zODY85tX2dMcTBz7XcE54b5.jpg]
[wisk.aero/newsroom/employee-spotlight-getting-to-know-manju-nag.html]
[wisk.aero/newsroom/a-conversation-with-max-duke-manager-of-flight-test-engineering.html]
[framerusercontent.com/images/iKFvUs0YWIOeFygHUW2XUHW1F5w.jpg]
[framerusercontent.com/images/zafYzn9zJRK259imRLyWhNf2Jk.png]
[framerusercontent.com/images/iKFvUs0YWIOeFygHUW2XUHW1F5w0343.jpg]
[framerusercontent.com/images/zafYzn9zJRK259imRLyWhNf2Jkb91d.png]
[wisk.aero/newsroom/meet-two-women-leaders-at-wisk-olivia-brino-and-sophia-huq.html]
